markowitz json ERROR: exit 0
markowitz json WARNING: exit 0
markowitz json INFO: exit 0
markowitz json DEBUG: exit 0
markowitz csv ERROR: exit 0
markowitz csv WARNING: exit 0
markowitz csv INFO: exit 0
markowitz csv DEBUG: exit 0
markowitz table ERROR: exit 0
markowitz table WARNING: exit 0
markowitz table INFO: exit 0
markowitz table DEBUG: exit 0
frontier json ERROR: exit 0
frontier json WARNING: exit 0
frontier json INFO: exit 0
frontier json DEBUG: exit 0
frontier csv ERROR: exit 0
frontier csv WARNING: exit 0
frontier csv INFO: exit 0
frontier csv DEBUG: exit 0
frontier table ERROR: exit 0
frontier table WARNING: exit 0
frontier table INFO: exit 0
frontier table DEBUG: exit 0
backtest json ERROR: exit 0
backtest json WARNING: exit 0
backtest json INFO: exit 0
backtest json DEBUG: exit 0
backtest csv ERROR: exit 0
backtest csv WARNING: exit 0
backtest csv INFO: exit 0
backtest csv DEBUG: exit 0
backtest table ERROR: exit 0
backtest table WARNING: exit 0
backtest table INFO: exit 0
backtest table DEBUG: exit 0
risk json ERROR: exit 0
risk json WARNING: exit 0
risk json INFO: exit 0
risk json DEBUG: exit 0
risk csv ERROR: exit 0
risk csv WARNING: exit 0
risk csv INFO: exit 0
risk csv DEBUG: exit 0
risk table ERROR: exit 0
risk table WARNING: exit 0
risk table INFO: exit 0
risk table DEBUG: exit 0
PASS: 48 combinations; numeric JSON rows and full CSV/table stdout invariant. JSON provenance timestamps are documented metadata exceptions.
